// Jest Snapshot v1, https://goo.gl/fbAQLP

exports[`AddToCart component renders and matches snapshot 1`] = `
<button
  disabled={false}
  onClick={[Function]}
>
  Add
   to Cart ðŸ›’
</button>
`;
