// Jest Snapshot v1, https://goo.gl/fbAQLP

exports[`Nav component renders a minimal nav when signed out 1`] = `
Array [
  <NavStyles
    data-test="Nav"
  >
    <ul
      className="NavStyles-sc-11c0d2g-0 jurQQK"
      data-test="Nav"
    >
      <Link
        href="/items"
      >
        <a
          href="/items"
          onClick={[Function]}
        >
          Shop
        </a>
      </Link>
      <Link
        href="/signup"
      >
        <a
          href="/signup"
          onClick={[Function]}
        >
          Signup
        </a>
      </Link>
    </ul>
  </NavStyles>,
  <ul
    className="NavStyles-sc-11c0d2g-0 jurQQK"
    data-test="Nav"
  >
    <Link
      href="/items"
    >
      <a
        href="/items"
        onClick={[Function]}
      >
        Shop
      </a>
    </Link>
    <Link
      href="/signup"
    >
      <a
        href="/signup"
        onClick={[Function]}
      >
        Signup
      </a>
    </Link>
  </ul>,
]
`;

exports[`Nav component renders the number of items in cart 1`] = `
<div
  className="count CartCount__Dot-xxvp4g-0 doGcaX"
>
  9
</div>
`;
