// Jest Snapshot v1, https://goo.gl/fbAQLP

exports[`SingleItem component errors with a not found item 1`] = `
<p
  data-test="graphql-error"
>
  <strong>
    Shoot!
  </strong>
  Items not found!
</p>
`;

exports[`SingleItem component renders with proper data 1`] = `
<h2>
  Viewing 
  dogs are best
</h2>
`;

exports[`SingleItem component renders with proper data 2`] = `
<img
  alt="dogs are best"
  src="dog.jpg"
/>
`;

exports[`SingleItem component renders with proper data 3`] = `
<p>
  dogs
</p>
`;
